   Compiling onnxruntime-ep-vulkan v0.28.0 (C:\Users\justinchu\dev\ep-vulkan-link\rust)
warning: unexpected `cfg` condition value: `a-feature-that-does-not-exist`
   --> tests\layering.rs:371:7
    |
371 | #[cfg(feature = "a-feature-that-does-not-exist")]
    |       ^^^^^^^^^^^^^^^^^^^^^^^^^^^^^^^^^^^^^^^^^ help: remove the condition
    |
    = note: no expected values for `feature`
    = help: consider adding `a-feature-that-does-not-exist` as a feature in `Cargo.toml`
    = note: see <https://doc.rust-lang.org/nightly/rustc/check-cfg/cargo-specifics.html> for more information about checking conditional configuration
    = note: `#[warn(unexpected_cfgs)]` on by default

warning: unexpected `cfg` condition value: `a-feature-that-does-not-exist`
   --> tests\layering.rs:405:7
    |
405 | #[cfg(feature = "a-feature-that-does-not-exist")]
    |       ^^^^^^^^^^^^^^^^^^^^^^^^^^^^^^^^^^^^^^^^^ help: remove the condition
    |
    = note: no expected values for `feature`
    = help: consider adding `a-feature-that-does-not-exist` as a feature in `Cargo.toml`
    = note: see <https://doc.rust-lang.org/nightly/rustc/check-cfg/cargo-specifics.html> for more information about checking conditional configuration

warning: unexpected `cfg` condition value: `a-feature-that-does-not-exist`
   --> tests\layering.rs:444:7
    |
444 | #[cfg(feature = "a-feature-that-does-not-exist")]
    |       ^^^^^^^^^^^^^^^^^^^^^^^^^^^^^^^^^^^^^^^^^ help: remove the condition
    |
    = note: no expected values for `feature`
    = help: consider adding `a-feature-that-does-not-exist` as a feature in `Cargo.toml`
    = note: see <https://doc.rust-lang.org/nightly/rustc/check-cfg/cargo-specifics.html> for more information about checking conditional configuration

warning: unexpected `cfg` condition value: `a-feature-that-does-not-exist`
   --> tests\layering.rs:466:7
    |
466 | #[cfg(feature = "a-feature-that-does-not-exist")]
    |       ^^^^^^^^^^^^^^^^^^^^^^^^^^^^^^^^^^^^^^^^^ help: remove the condition
    |
    = note: no expected values for `feature`
    = help: consider adding `a-feature-that-does-not-exist` as a feature in `Cargo.toml`
    = note: see <https://doc.rust-lang.org/nightly/rustc/check-cfg/cargo-specifics.html> for more information about checking conditional configuration

warning: unexpected `cfg` condition value: `a-feature-that-does-not-exist`
   --> tests\layering.rs:489:7
    |
489 | #[cfg(feature = "a-feature-that-does-not-exist")]
    |       ^^^^^^^^^^^^^^^^^^^^^^^^^^^^^^^^^^^^^^^^^ help: remove the condition
    |
    = note: no expected values for `feature`
    = help: consider adding `a-feature-that-does-not-exist` as a feature in `Cargo.toml`
    = note: see <https://doc.rust-lang.org/nightly/rustc/check-cfg/cargo-specifics.html> for more information about checking conditional configuration

warning: unexpected `cfg` condition value: `a-feature-that-does-not-exist`
   --> tests\layering.rs:514:7
    |
514 | #[cfg(feature = "a-feature-that-does-not-exist")]
    |       ^^^^^^^^^^^^^^^^^^^^^^^^^^^^^^^^^^^^^^^^^ help: remove the condition
    |
    = note: no expected values for `feature`
    = help: consider adding `a-feature-that-does-not-exist` as a feature in `Cargo.toml`
    = note: see <https://doc.rust-lang.org/nightly/rustc/check-cfg/cargo-specifics.html> for more information about checking conditional configuration

warning: unexpected `cfg` condition value: `a-feature-that-does-not-exist`
   --> tests\layering.rs:548:7
    |
548 | #[cfg(feature = "a-feature-that-does-not-exist")]
    |       ^^^^^^^^^^^^^^^^^^^^^^^^^^^^^^^^^^^^^^^^^ help: remove the condition
    |
    = note: no expected values for `feature`
    = help: consider adding `a-feature-that-does-not-exist` as a feature in `Cargo.toml`
    = note: see <https://doc.rust-lang.org/nightly/rustc/check-cfg/cargo-specifics.html> for more information about checking conditional configuration

warning: unexpected `cfg` condition value: `a-feature-that-does-not-exist`
   --> tests\layering.rs:573:7
    |
573 | #[cfg(feature = "a-feature-that-does-not-exist")]
    |       ^^^^^^^^^^^^^^^^^^^^^^^^^^^^^^^^^^^^^^^^^ help: remove the condition
    |
    = note: no expected values for `feature`
    = help: consider adding `a-feature-that-does-not-exist` as a feature in `Cargo.toml`
    = note: see <https://doc.rust-lang.org/nightly/rustc/check-cfg/cargo-specifics.html> for more information about checking conditional configuration

warning: unexpected `cfg` condition value: `a-feature-that-does-not-exist`
   --> tests\layering.rs:585:7
    |
585 | #[cfg(feature = "a-feature-that-does-not-exist")]
    |       ^^^^^^^^^^^^^^^^^^^^^^^^^^^^^^^^^^^^^^^^^ help: remove the condition
    |
    = note: no expected values for `feature`
    = help: consider adding `a-feature-that-does-not-exist` as a feature in `Cargo.toml`
    = note: see <https://doc.rust-lang.org/nightly/rustc/check-cfg/cargo-specifics.html> for more information about checking conditional configuration

warning: unexpected `cfg` condition value: `a-feature-that-does-not-exist`
   --> tests\layering.rs:686:7
    |
686 | #[cfg(feature = "a-feature-that-does-not-exist")]
    |       ^^^^^^^^^^^^^^^^^^^^^^^^^^^^^^^^^^^^^^^^^ help: remove the condition
    |
    = note: no expected values for `feature`
    = help: consider adding `a-feature-that-does-not-exist` as a feature in `Cargo.toml`
    = note: see <https://doc.rust-lang.org/nightly/rustc/check-cfg/cargo-specifics.html> for more information about checking conditional configuration

warning: unexpected `cfg` condition value: `a-feature-that-does-not-exist`
   --> tests\layering.rs:718:7
    |
718 | #[cfg(feature = "a-feature-that-does-not-exist")]
    |       ^^^^^^^^^^^^^^^^^^^^^^^^^^^^^^^^^^^^^^^^^ help: remove the condition
    |
    = note: no expected values for `feature`
    = help: consider adding `a-feature-that-does-not-exist` as a feature in `Cargo.toml`
    = note: see <https://doc.rust-lang.org/nightly/rustc/check-cfg/cargo-specifics.html> for more information about checking conditional configuration

warning: unexpected `cfg` condition value: `a-feature-that-does-not-exist`
   --> tests\layering.rs:757:7
    |
757 | #[cfg(feature = "a-feature-that-does-not-exist")]
    |       ^^^^^^^^^^^^^^^^^^^^^^^^^^^^^^^^^^^^^^^^^ help: remove the condition
    |
    = note: no expected values for `feature`
    = help: consider adding `a-feature-that-does-not-exist` as a feature in `Cargo.toml`
    = note: see <https://doc.rust-lang.org/nightly/rustc/check-cfg/cargo-specifics.html> for more information about checking conditional configuration

warning: unexpected `cfg` condition value: `a-feature-that-does-not-exist`
   --> tests\layering.rs:802:7
    |
802 | #[cfg(feature = "a-feature-that-does-not-exist")]
    |       ^^^^^^^^^^^^^^^^^^^^^^^^^^^^^^^^^^^^^^^^^ help: remove the condition
    |
    = note: no expected values for `feature`
    = help: consider adding `a-feature-that-does-not-exist` as a feature in `Cargo.toml`
    = note: see <https://doc.rust-lang.org/nightly/rustc/check-cfg/cargo-specifics.html> for more information about checking conditional configuration

warning: unexpected `cfg` condition value: `a-feature-that-does-not-exist`
   --> tests\layering.rs:826:7
    |
826 | #[cfg(feature = "a-feature-that-does-not-exist")]
    |       ^^^^^^^^^^^^^^^^^^^^^^^^^^^^^^^^^^^^^^^^^ help: remove the condition
    |
    = note: no expected values for `feature`
    = help: consider adding `a-feature-that-does-not-exist` as a feature in `Cargo.toml`
    = note: see <https://doc.rust-lang.org/nightly/rustc/check-cfg/cargo-specifics.html> for more information about checking conditional configuration

warning: unexpected `cfg` condition value: `a-feature-that-does-not-exist`
   --> tests\layering.rs:862:7
    |
862 | #[cfg(feature = "a-feature-that-does-not-exist")]
    |       ^^^^^^^^^^^^^^^^^^^^^^^^^^^^^^^^^^^^^^^^^ help: remove the condition
    |
    = note: no expected values for `feature`
    = help: consider adding `a-feature-that-does-not-exist` as a feature in `Cargo.toml`
    = note: see <https://doc.rust-lang.org/nightly/rustc/check-cfg/cargo-specifics.html> for more information about checking conditional configuration

warning: unexpected `cfg` condition value: `a-feature-that-does-not-exist`
    --> tests\layering.rs:1002:7
     |
1002 | #[cfg(feature = "a-feature-that-does-not-exist")]
     |       ^^^^^^^^^^^^^^^^^^^^^^^^^^^^^^^^^^^^^^^^^ help: remove the condition
     |
     = note: no expected values for `feature`
     = help: consider adding `a-feature-that-does-not-exist` as a feature in `Cargo.toml`
     = note: see <https://doc.rust-lang.org/nightly/rustc/check-cfg/cargo-specifics.html> for more information about checking conditional configuration

warning: unexpected `cfg` condition value: `a-feature-that-does-not-exist`
    --> tests\layering.rs:1030:7
     |
1030 | #[cfg(feature = "a-feature-that-does-not-exist")]
     |       ^^^^^^^^^^^^^^^^^^^^^^^^^^^^^^^^^^^^^^^^^ help: remove the condition
     |
     = note: no expected values for `feature`
     = help: consider adding `a-feature-that-does-not-exist` as a feature in `Cargo.toml`
     = note: see <https://doc.rust-lang.org/nightly/rustc/check-cfg/cargo-specifics.html> for more information about checking conditional configuration

warning: unexpected `cfg` condition value: `a-feature-that-does-not-exist`
    --> tests\layering.rs:1049:7
     |
1049 | #[cfg(feature = "a-feature-that-does-not-exist")]
     |       ^^^^^^^^^^^^^^^^^^^^^^^^^^^^^^^^^^^^^^^^^ help: remove the condition
     |
     = note: no expected values for `feature`
     = help: consider adding `a-feature-that-does-not-exist` as a feature in `Cargo.toml`
     = note: see <https://doc.rust-lang.org/nightly/rustc/check-cfg/cargo-specifics.html> for more information about checking conditional configuration

warning: unexpected `cfg` condition value: `a-feature-that-does-not-exist`
    --> tests\layering.rs:1068:7
     |
1068 | #[cfg(feature = "a-feature-that-does-not-exist")]
     |       ^^^^^^^^^^^^^^^^^^^^^^^^^^^^^^^^^^^^^^^^^ help: remove the condition
     |
     = note: no expected values for `feature`
     = help: consider adding `a-feature-that-does-not-exist` as a feature in `Cargo.toml`
     = note: see <https://doc.rust-lang.org/nightly/rustc/check-cfg/cargo-specifics.html> for more information about checking conditional configuration

warning: unexpected `cfg` condition value: `a-feature-that-does-not-exist`
    --> tests\layering.rs:1085:7
     |
1085 | #[cfg(feature = "a-feature-that-does-not-exist")]
     |       ^^^^^^^^^^^^^^^^^^^^^^^^^^^^^^^^^^^^^^^^^ help: remove the condition
     |
     = note: no expected values for `feature`
     = help: consider adding `a-feature-that-does-not-exist` as a feature in `Cargo.toml`
     = note: see <https://doc.rust-lang.org/nightly/rustc/check-cfg/cargo-specifics.html> for more information about checking conditional configuration

warning: unexpected `cfg` condition value: `a-feature-that-does-not-exist`
    --> tests\layering.rs:1102:7
     |
1102 | #[cfg(feature = "a-feature-that-does-not-exist")]
     |       ^^^^^^^^^^^^^^^^^^^^^^^^^^^^^^^^^^^^^^^^^ help: remove the condition
     |
     = note: no expected values for `feature`
     = help: consider adding `a-feature-that-does-not-exist` as a feature in `Cargo.toml`
     = note: see <https://doc.rust-lang.org/nightly/rustc/check-cfg/cargo-specifics.html> for more information about checking conditional configuration

warning: unexpected `cfg` condition value: `a-feature-that-does-not-exist`
    --> tests\layering.rs:1123:7
     |
1123 | #[cfg(feature = "a-feature-that-does-not-exist")]
     |       ^^^^^^^^^^^^^^^^^^^^^^^^^^^^^^^^^^^^^^^^^ help: remove the condition
     |
     = note: no expected values for `feature`
     = help: consider adding `a-feature-that-does-not-exist` as a feature in `Cargo.toml`
     = note: see <https://doc.rust-lang.org/nightly/rustc/check-cfg/cargo-specifics.html> for more information about checking conditional configuration

warning: unexpected `cfg` condition value: `a-feature-that-does-not-exist`
    --> tests\layering.rs:1162:7
     |
1162 | #[cfg(feature = "a-feature-that-does-not-exist")]
     |       ^^^^^^^^^^^^^^^^^^^^^^^^^^^^^^^^^^^^^^^^^ help: remove the condition
     |
     = note: no expected values for `feature`
     = help: consider adding `a-feature-that-does-not-exist` as a feature in `Cargo.toml`
     = note: see <https://doc.rust-lang.org/nightly/rustc/check-cfg/cargo-specifics.html> for more information about checking conditional configuration

warning: unexpected `cfg` condition value: `a-feature-that-does-not-exist`
    --> tests\layering.rs:1178:7
     |
1178 | #[cfg(feature = "a-feature-that-does-not-exist")]
     |       ^^^^^^^^^^^^^^^^^^^^^^^^^^^^^^^^^^^^^^^^^ help: remove the condition
     |
     = note: no expected values for `feature`
     = help: consider adding `a-feature-that-does-not-exist` as a feature in `Cargo.toml`
     = note: see <https://doc.rust-lang.org/nightly/rustc/check-cfg/cargo-specifics.html> for more information about checking conditional configuration

warning: unexpected `cfg` condition value: `a-feature-that-does-not-exist`
    --> tests\layering.rs:1210:7
     |
1210 | #[cfg(feature = "a-feature-that-does-not-exist")]
     |       ^^^^^^^^^^^^^^^^^^^^^^^^^^^^^^^^^^^^^^^^^ help: remove the condition
     |
     = note: no expected values for `feature`
     = help: consider adding `a-feature-that-does-not-exist` as a feature in `Cargo.toml`
     = note: see <https://doc.rust-lang.org/nightly/rustc/check-cfg/cargo-specifics.html> for more information about checking conditional configuration

warning: unexpected `cfg` condition value: `a-feature-that-does-not-exist`
    --> tests\layering.rs:1230:7
     |
1230 | #[cfg(feature = "a-feature-that-does-not-exist")]
     |       ^^^^^^^^^^^^^^^^^^^^^^^^^^^^^^^^^^^^^^^^^ help: remove the condition
     |
     = note: no expected values for `feature`
     = help: consider adding `a-feature-that-does-not-exist` as a feature in `Cargo.toml`
     = note: see <https://doc.rust-lang.org/nightly/rustc/check-cfg/cargo-specifics.html> for more information about checking conditional configuration

warning: struct `Rule` is never constructed
  --> tests\layering.rs:35:8
   |
35 | struct Rule {
   |        ^^^^
   |
   = note: `#[warn(dead_code)]` (part of `#[warn(unused)]`) on by default

warning: constant `OPS_RULES` is never used
  --> tests\layering.rs:43:7
   |
43 | const OPS_RULES: &[Rule] = &[
   |       ^^^^^^^^^

warning: constant `NO_VULKAN_MODULES` is never used
   --> tests\layering.rs:129:7
    |
129 | const NO_VULKAN_MODULES: &[&str] = &["registry.rs", "ep.rs", "factory.rs", "sys.rs", "logging.rs"];
    |       ^^^^^^^^^^^^^^^^^

warning: constant `VULKAN_TOKENS` is never used
   --> tests\layering.rs:131:7
    |
131 | const VULKAN_TOKENS: &[&str] = &["ash", "gpu_allocator", "vk::"];
    |       ^^^^^^^^^^^^^

warning: struct `Violation` is never constructed
   --> tests\layering.rs:135:8
    |
135 | struct Violation {
    |        ^^^^^^^^^

warning: function `strip_comments_and_strings` is never used
   --> tests\layering.rs:157:4
    |
157 | fn strip_comments_and_strings(src: &str) -> String {
    |    ^^^^^^^^^^^^^^^^^^^^^^^^^^

warning: function `raw_string_len` is never used
   --> tests\layering.rs:247:4
    |
247 | fn raw_string_len(b: &[char], i: usize) -> Option<usize> {
    |    ^^^^^^^^^^^^^^

warning: function `char_literal_len` is never used
   --> tests\layering.rs:279:4
    |
279 | fn char_literal_len(b: &[char], i: usize) -> Option<usize> {
    |    ^^^^^^^^^^^^^^^^

warning: function `contains_token` is never used
   --> tests\layering.rs:300:4
    |
300 | fn contains_token(line: &str, token: &str) -> bool {
    |    ^^^^^^^^^^^^^^

warning: function `scan` is never used
   --> tests\layering.rs:325:4
    |
325 | fn scan(display_path: &str, source: &str, rules: &[Rule]) -> Vec<Violation> {
    |    ^^^^

warning: function `rust_files` is never used
   --> tests\layering.rs:345:4
    |
345 | fn rust_files(dir: &Path) -> Vec<PathBuf> {
    |    ^^^^^^^^^^

warning: function `src_dir` is never used
   --> tests\layering.rs:362:4
    |
362 | fn src_dir() -> PathBuf {
    |    ^^^^^^^

warning: constant `BARRIER_RULES` is never used
   --> tests\layering.rs:617:7
    |
617 | const BARRIER_RULES: &[Rule] = &[
    |       ^^^^^^^^^^^^^

warning: constant `SYNC2_FIELD_RULES` is never used
   --> tests\layering.rs:655:7
    |
655 | const SYNC2_FIELD_RULES: &[Rule] = &[Rule {
    |       ^^^^^^^^^^^^^^^^^

warning: function `is_barrier_file` is never used
   --> tests\layering.rs:663:4
    |
663 | fn is_barrier_file(path: &std::path::Path) -> bool {
    |    ^^^^^^^^^^^^^^^

warning: function `is_sync2_permitted_file` is never used
   --> tests\layering.rs:669:4
    |
669 | fn is_sync2_permitted_file(path: &std::path::Path) -> bool {
    |    ^^^^^^^^^^^^^^^^^^^^^^^

warning: function `rust_files_except` is never used
   --> tests\layering.rs:675:4
    |
675 | fn rust_files_except(
    |    ^^^^^^^^^^^^^^^^^

warning: constant `CONTRIB_DOMAIN` is never used
   --> tests\layering.rs:919:7
    |
919 | const CONTRIB_DOMAIN: &str = "com.microsoft";
    |       ^^^^^^^^^^^^^^

warning: constant `CONTRIB_DOMAIN_VARIANT` is never used
   --> tests\layering.rs:922:7
    |
922 | const CONTRIB_DOMAIN_VARIANT: &str = "Domain::Ms";
    |       ^^^^^^^^^^^^^^^^^^^^^^

warning: function `non_test_source` is never used
   --> tests\layering.rs:929:4
    |
929 | fn non_test_source(src: &str) -> &str {
    |    ^^^^^^^^^^^^^^^

warning: function `is_domain_definition_site` is never used
   --> tests\layering.rs:937:4
    |
937 | fn is_domain_definition_site(line: &str) -> bool {
    |    ^^^^^^^^^^^^^^^^^^^^^^^^^

warning: function `bare_contrib_domain_hits` is never used
   --> tests\layering.rs:943:4
    |
943 | fn bare_contrib_domain_hits(display_path: &str, source: &str) -> Vec<Violation> {
    |    ^^^^^^^^^^^^^^^^^^^^^^^^

warning: function `contrib_variant_hits` is never used
   --> tests\layering.rs:972:4
    |
972 | fn contrib_variant_hits(display_path: &str, source: &str) -> Vec<Violation> {
    |    ^^^^^^^^^^^^^^^^^^^^

warning: function `scan_c1` is never used
   --> tests\layering.rs:995:4
    |
995 | fn scan_c1(display_path: &str, source: &str) -> Vec<Violation> {
    |    ^^^^^^^

warning: `onnxruntime-ep-vulkan` (test "layering") generated 50 warnings
    Finished `release` profile [optimized] target(s) in 2.12s
     Running tests\layering.rs (rust\target\release\deps\layering-8a4ff16e14229322.exe)

running 0 tests

test result: ok. 0 passed; 0 failed; 0 ignored; 0 measured; 0 filtered out; finished in 0.00s

