
DEVICE-LOSS-GATE: detection power at 2 repetition(s)
  rate        P(at least one loss seen)   P(NONE seen | hazard is real)
    0.1250                      0.2344   0.7656
    0.0500                      0.0975   0.9025
    0.0250                      0.0494   0.9506
    0.0100                      0.0199   0.9801
  The right-hand column is the uncomfortable number: it is the probability that
  this gate returns PASS while the hazard is exactly as real as it was before.
  A PASS rules out the rates whose right-hand column is small. It rules out
  nothing about the rates whose right-hand column is not.
  rep   0  ok       exit=0 dispatches=2840 compute=8/0f losses=0 587.7s 
  rep   1  ok       exit=0 dispatches=2840 compute=8/0f losses=0 589.3s 

DEVICE-LOSS-GATE: 2/2 non-vacuous, 16 Compute() call(s) observed, 0 device loss(es).
  record: bench\results\device_loss_gate_armD_cotenant.json

DEVICE-LOSS-GATE: detection power at 2 repetition(s)
  rate        P(at least one loss seen)   P(NONE seen | hazard is real)
    0.1250                      0.2344   0.7656
    0.0500                      0.0975   0.9025
    0.0250                      0.0494   0.9506
    0.0100                      0.0199   0.9801
  The right-hand column is the uncomfortable number: it is the probability that
  this gate returns PASS while the hazard is exactly as real as it was before.
  A PASS rules out the rates whose right-hand column is small. It rules out
  nothing about the rates whose right-hand column is not.
DEVICE-LOSS-GATE: PASS — no loss in 2 non-vacuous repetition(s). This is not a fix and must not be quoted as one; read the power table above for what a PASS at this repetition count does and does not rule out.
